119.123.103.54 - - [04/Jun/2017:09:53:29 +0800] "GET /favicon.ico HTTP/1.1" 404 2598 "-" "Mozilla/4.0 (compatible; MSIE 7.0; Windows NT 5.1; Trident/4.0; .NET CLR 2.0.50727; 360space)" "-"
121.69.45.254 - - [04/Jun/2017:09:53:47 +0800] "GET /niu/wp-content/themes/QQ/images/logo.jpg HTTP/1.1" 404 1031 "http://www.nnzhp.cn/blog/category/python/page/2/" "Mozilla/5.0 (Windows NT 6.1; WOW64) AppleWebKit/537.36 (KHTML, like Gecko) Chrome/45.0.2454.101 Safari/537.36" "-"
113.83.75.252 - - [04/Jun/2017:09:55:50 +0800] "GET /member.php?mod=register HTTP/1.1" 404 2625 "http://bbs.besttest.cn/member.php?mod=register" "Mozilla/4.0 (compatible; MSIE 7.0; Windows NT 5.1; .NET CLR 1.1.4322; .NET CLR 2.0.50727; .NET CLR 3.0.04506.30)" "-"
113.83.75.252 - - [04/Jun/2017:09:55:51 +0800] "POST /member.php?mod=register&inajax=1 HTTP/1.1" 500 2724 "http://bbs.besttest.cn/member.php?mod=register" "Mozilla/4.0 (compatible; MSIE 7.0; Windows NT 5.1; .NET CLR 1.1.4322; .NET CLR 2.0.50727; .NET CLR 3.0.04506.30)" "-"
66.249.75.29 - - [04/Jun/2017:09:56:41 +0800] "GET /bbs/forum.php?mod=forumdisplay&fid=530&filter=heat&orderby=heats HTTP/1.1" 200 17022 "-" "Mozilla/5.0 (compatible; Googlebot/2.1; +http://www.google.com/bot.html)" "-"
121.69.45.254 - - [04/Jun/2017:09:56:48 +0800] "GET /dsx/wp-admin/post.php?post=723&action=edit HTTP/1.1" 200 164536 "http://www.imdsx.cn/dsx/index.php/2017/05/16/html3/" "Mozilla/5.0 (Windows NT 6.1; WOW64) AppleWebKit/537.36 (KHTML, like Gecko) Chrome/58.0.3029.110 Safari/537.36" "-"
121.69.45.254 - - [04/Jun/2017:09:56:48 +0800] "GET /dsx/wp-content/plugins/wp-user-avatar/images/wpua-icon.png HTTP/1.1" 304 0 "http://www.imdsx.cn/dsx/wp-admin/post.php?post=723&action=edit" "Mozilla/5.0 (Windows NT 6.1; WOW64) AppleWebKit/537.36 (KHTML, like Gecko) Chrome/58.0.3029.110 Safari/537.36" "-"
121.69.45.254 - - [04/Jun/2017:09:56:48 +0800] "GET /dsx/wp-content/uploads/2017/05/744e6968a6b1c81cfb5948c8ca591fd3-e1494208080756-300x198.png HTTP/1.1" 200 4765 "http://www.imdsx.cn/dsx/wp-admin/post.php?post=723&action=edit" "Mozilla/5.0 (Windows NT 6.1; WOW64) AppleWebKit/537.36 (KHTML, like Gecko) Chrome/58.0.3029.110 Safari/537.36" "-"
121.69.45.254 - - [04/Jun/2017:09:56:49 +0800] "GET /dsx/wp-content/plugins/wp-user-avatar/includes/tinymce/editor_plugin.js?wp-mce-4506-20170408 HTTP/1.1" 304 0 "http://www.imdsx.cn/dsx/wp-admin/post.php?post=723&action=edit" "Mozilla/5.0 (Windows NT 6.1; WOW64) AppleWebKit/537.36 (KHTML, like Gecko) Chrome/58.0.3029.110 Safari/537.36" "-"
121.69.45.254 - - [04/Jun/2017:09:56:49 +0800] "GET /dsx/wp-includes/js/tinymce/skins/lightgray/skin.min.css?wp-mce-4506-20170408 HTTP/1.1" 304 0 "http://www.imdsx.cn/dsx/wp-admin/post.php?post=723&action=edit" "Mozilla/5.0 (Windows NT 6.1; WOW64) AppleWebKit/537.36 (KHTML, like Gecko) Chrome/58.0.3029.110 Safari/537.36" "-"
121.69.45.254 - - [04/Jun/2017:09:56:49 +0800] "GET /dsx/wp-content/plugins/wp-user-avatar/images/wpua-20x20.png HTTP/1.1" 304 0 "http://www.imdsx.cn/dsx/wp-admin/post.php?post=723&action=edit" "Mozilla/5.0 (Windows NT 6.1; WOW64) AppleWebKit/537.36 (KHTML, like Gecko) Chrome/58.0.3029.110 Safari/537.36" "-"
121.69.45.254 - - [04/Jun/2017:09:56:49 +0800] "GET /dsx/wp-includes/js/tinymce/skins/lightgray/content.min.css?wp-mce-4506-20170408 HTTP/1.1" 304 0 "http://www.imdsx.cn/dsx/wp-admin/post.php?post=723&action=edit" "Mozilla/5.0 (Windows NT 6.1; WOW64) AppleWebKit/537.36 (KHTML, like Gecko) Chrome/58.0.3029.110 Safari/537.36" "-"
121.69.45.254 - - [04/Jun/2017:09:56:49 +0800] "GET /dsx/wp-includes/js/tinymce/skins/lightgray/fonts/tinymce.woff HTTP/1.1" 304 0 "http://www.imdsx.cn/dsx/wp-includes/js/tinymce/skins/lightgray/skin.min.css?wp-mce-4506-20170408" "Mozilla/5.0 (Windows NT 6.1; WOW64) AppleWebKit/537.36 (KHTML, like Gecko) Chrome/58.0.3029.110 Safari/537.36" "-"
121.69.45.254 - - [04/Jun/2017:09:57:12 +0800] "GET /dsx/wp-admin/admin-ajax.php?action=crayon-tag-editor&is_admin=1&version=_2.7.2_beta HTTP/1.1" 200 26008 "http://www.imdsx.cn/dsx/wp-admin/post.php?post=723&action=edit" "Mozilla/5.0 (Windows NT 6.1; WOW64) AppleWebKit/537.36 (KHTML, like Gecko) Chrome/58.0.3029.110 Safari/537.36" "-"
113.83.74.89 - - [04/Jun/2017:09:57:31 +0800] "GET /member.php?mod=register HTTP/1.1" 404 2625 "http://bbs.besttest.cn/member.php?mod=register" "Mozilla/4.0 (compatible; MSIE 7.0; Windows NT 5.1; .NET CLR 1.1.4322; .NET CLR 2.0.50727; .NET CLR 3.0.04506.30)" "-"
113.83.74.89 - - [04/Jun/2017:09:57:32 +0800] "POST /member.php?mod=register&inajax=1 HTTP/1.1" 500 2724 "http://bbs.besttest.cn/member.php?mod=register" "Mozilla/4.0 (compatible; MSIE 7.0; Windows NT 5.1; .NET CLR 1.1.4322; .NET CLR 2.0.50727; .NET CLR 3.0.04506.30)" "-"
121.69.45.254 - - [04/Jun/2017:09:57:49 +0800] "POST /dsx/wp-admin/admin-ajax.php HTTP/1.1" 200 47 "http://www.imdsx.cn/dsx/wp-admin/post.php?post=723&action=edit" "Mozilla/5.0 (Windows NT 6.1; WOW64) AppleWebKit/537.36 (KHTML, like Gecko) Chrome/58.0.3029.110 Safari/537.36" "-"
121.69.45.254 - - [04/Jun/2017:09:58:49 +0800] "POST /dsx/wp-admin/admin-ajax.php HTTP/1.1" 200 146 "http://www.imdsx.cn/dsx/wp-admin/post.php?post=723&action=edit" "Mozilla/5.0 (Windows NT 6.1; WOW64) AppleWebKit/537.36 (KHTML, like Gecko) Chrome/58.0.3029.110 Safari/537.36" "-"
121.69.45.254 - - [04/Jun/2017:09:59:50 +0800] "POST /dsx/wp-admin/admin-ajax.php HTTP/1.1" 200 146 "http://www.imdsx.cn/dsx/wp-admin/post.php?post=723&action=edit" "Mozilla/5.0 (Windows NT 6.1; WOW64) AppleWebKit/537.36 (KHTML, like Gecko) Chrome/58.0.3029.110 Safari/537.36" "-"
66.249.75.29 - - [04/Jun/2017:10:00:28 +0800] "GET /bbs/forum.php?mod=forumdisplay&fid=536&filter=hot HTTP/1.1" 200 17527 "-" "Mozilla/5.0 (compatible; Googlebot/2.1; +http://www.google.com/bot.html)" "-"
121.69.45.254 - - [04/Jun/2017:10:00:50 +0800] "POST /dsx/wp-admin/admin-ajax.php HTTP/1.1" 200 47 "http://www.imdsx.cn/dsx/wp-admin/post.php?post=723&action=edit" "Mozilla/5.0 (Windows NT 6.1; WOW64) AppleWebKit/537.36 (KHTML, like Gecko) Chrome/58.0.3029.110 Safari/537.36" "-"
121.69.45.254 - - [04/Jun/2017:10:01:50 +0800] "POST /dsx/wp-admin/admin-ajax.php HTTP/1.1" 200 47 "http://www.imdsx.cn/dsx/wp-admin/post.php?post=723&action=edit" "Mozilla/5.0 (Windows NT 6.1; WOW64) AppleWebKit/537.36 (KHTML, like Gecko) Chrome/58.0.3029.110 Safari/537.36" "-"
66.249.69.83 - - [04/Jun/2017:10:01:57 +0800] "GET /experts/python/all HTTP/1.1" 200 11956 "-" "Mozilla/5.0 (compatible; Googlebot/2.1; +http://www.google.com/bot.html)" "-"
121.69.45.254 - - [04/Jun/2017:10:02:50 +0800] "POST /dsx/wp-admin/admin-ajax.php HTTP/1.1" 200 47 "http://www.imdsx.cn/dsx/wp-admin/post.php?post=723&action=edit" "Mozilla/5.0 (Windows NT 6.1; WOW64) AppleWebKit/537.36 (KHTML, like Gecko) Chrome/58.0.3029.110 Safari/537.36" "-"
121.69.45.254 - - [04/Jun/2017:10:03:50 +0800] "POST /dsx/wp-admin/admin-ajax.php HTTP/1.1" 200 47 "http://www.imdsx.cn/dsx/wp-admin/post.php?post=723&action=edit" "Mozilla/5.0 (Windows NT 6.1; WOW64) AppleWebKit/537.36 (KHTML, like Gecko) Chrome/58.0.3029.110 Safari/537.36" "-"
66.249.75.27 - - [04/Jun/2017:10:04:15 +0800] "GET /bbs/forum.php?mod=forumdisplay&fid=612&filter=digest&digest=1 HTTP/1.1" 200 17233 "-" "Mozilla/5.0 (compatible; Googlebot/2.1; +http://www.google.com/bot.html)" "-"
121.69.45.254 - - [04/Jun/2017:10:04:50 +0800] "POST /dsx/wp-admin/admin-ajax.php HTTP/1.1" 200 47 "http://www.imdsx.cn/dsx/wp-admin/post.php?post=723&action=edit" "Mozilla/5.0 (Windows NT 6.1; WOW64) AppleWebKit/537.36 (KHTML, like Gecko) Chrome/58.0.3029.110 Safari/537.36" "-"
88.198.0.163 - - [04/Jun/2017:10:04:52 +0800] "GET /robots.txt HTTP/1.1" 200 24 "-" "Mozilla/5.0 (compatible; MJ12bot/v1.4.7; http://mj12bot.com/)" "-"
88.198.0.163 - - [04/Jun/2017:10:04:55 +0800] "GET /article/79 HTTP/1.1" 200 23759 "-" "Mozilla/5.0 (compatible; MJ12bot/v1.4.7; http://mj12bot.com/)" "-"
121.69.45.254 - - [04/Jun/2017:10:05:50 +0800] "POST /dsx/wp-admin/admin-ajax.php HTTP/1.1" 200 47 "http://www.imdsx.cn/dsx/wp-admin/post.php?post=723&action=edit" "Mozilla/5.0 (Windows NT 6.1; WOW64) AppleWebKit/537.36 (KHTML, like Gecko) Chrome/58.0.3029.110 Safari/537.36" "-"
223.71.237.251 - - [04/Jun/2017:10:06:49 +0800] "GET /blog/ HTTP/1.1" 200 38330 "-" "Mozilla/5.0 (Windows NT 6.1; WOW64) AppleWebKit/537.36 (KHTML, like Gecko) Chrome/57.0.2987.110 Safari/537.36" "-"
223.71.237.251 - - [04/Jun/2017:10:06:49 +0800] "GET /blog/wp-content/uploads/2017/05/20170508153928_63115.png HTTP/1.1" 304 0 "http://www.nnzhp.cn/blog/" "Mozilla/5.0 (Windows NT 6.1; WOW64) AppleWebKit/537.36 (KHTML, like Gecko) Chrome/57.0.2987.110 Safari/537.36" "-"
121.69.45.254 - - [04/Jun/2017:10:06:51 +0800] "POST /dsx/wp-admin/admin-ajax.php HTTP/1.1" 200 47 "http://www.imdsx.cn/dsx/wp-admin/post.php?post=723&action=edit" "Mozilla/5.0 (Windows NT 6.1; WOW64) AppleWebKit/537.36 (KHTML, like Gecko) Chrome/58.0.3029.110 Safari/537.36" "-"
223.71.237.252 - - [04/Jun/2017:10:06:59 +0800] "GET /niu/wp-content/themes/QQ/images/logo.jpg HTTP/1.1" 499 0 "http://www.nnzhp.cn/blog/" "Mozilla/5.0 (Windows NT 6.1; WOW64) AppleWebKit/537.36 (KHTML, like Gecko) Chrome/57.0.2987.110 Safari/537.36" "-"
114.242.249.51 - - [04/Jun/2017:10:07:46 +0800] "GET /dsx/wp-content/themes/QQ/images/logo.jpg HTTP/1.1" 200 15282 "-" "QQ/5.6.0.438 CFNetwork/609.1.4 Darwin/13.0.0" "-"
66.249.69.65 - - [04/Jun/2017:10:08:02 +0800] "GET /bbs/forum.php?mod=misc&action=postreview&do=support&tid=467&pid=835&hash=51456a75 HTTP/1.1" 200 9841 "-" "Mozilla/5.0 (compatible; Googlebot/2.1; +http://www.google.com/bot.html)" "-"
121.69.45.254 - - [04/Jun/2017:10:08:43 +0800] "POST /dsx/wp-admin/admin-ajax.php HTTP/1.1" 200 47 "http://www.imdsx.cn/dsx/wp-admin/post.php?post=723&action=edit" "Mozilla/5.0 (Windows NT 6.1; WOW64) AppleWebKit/537.36 (KHTML, like Gecko) Chrome/58.0.3029.110 Safari/537.36" "-"
116.243.178.242 - - [04/Jun/2017:10:09:20 +0800] "GET / HTTP/1.1" 302 161 "-" "Mozilla/5.0 (Windows NT 6.1; WOW64) AppleWebKit/537.36 (KHTML, like Gecko) Chrome/57.0.2987.98 Safari/537.36" "-"
116.243.178.242 - - [04/Jun/2017:10:09:21 +0800] "GET /blog/ HTTP/1.1" 200 38330 "-" "Mozilla/5.0 (Windows NT 6.1; WOW64) AppleWebKit/537.36 (KHTML, like Gecko) Chrome/57.0.2987.98 Safari/537.36" "-"
116.243.178.242 - - [04/Jun/2017:10:09:21 +0800] "GET /blog/wp-content/themes/QQ/style.css?ver=4.1 HTTP/1.1" 304 0 "http://www.nnzhp.cn/blog/" "Mozilla/5.0 (Windows NT 6.1; WOW64) AppleWebKit/537.36 (KHTML, like Gecko) Chrome/57.0.2987.98 Safari/537.36" "-"
116.243.178.242 - - [04/Jun/2017:10:09:21 +0800] "GET /blog/wp-content/themes/QQ/js/player.js?ver=1.0.0 HTTP/1.1" 200 27024 "http://www.nnzhp.cn/blog/" "Mozilla/5.0 (Windows NT 6.1; WOW64) AppleWebKit/537.36 (KHTML, like Gecko) Chrome/57.0.2987.98 Safari/537.36" "-"
116.243.178.242 - - [04/Jun/2017:10:09:21 +0800] "GET /blog/wp-content/uploads/2017/05/20170508153928_63115.png HTTP/1.1" 304 0 "http://www.nnzhp.cn/blog/" "Mozilla/5.0 (Windows NT 6.1; WOW64) AppleWebKit/537.36 (KHTML, like Gecko) Chrome/57.0.2987.98 Safari/537.36" "-"
116.243.178.242 - - [04/Jun/2017:10:09:21 +0800] "GET /blog/wp-content/uploads/2017/02/succ1.jpg HTTP/1.1" 304 0 "http://www.nnzhp.cn/blog/" "Mozilla/5.0 (Windows NT 6.1; WOW64) AppleWebKit/537.36 (KHTML, like Gecko) Chrome/57.0.2987.98 Safari/537.36" "-"
116.243.178.242 - - [04/Jun/2017:10:09:21 +0800] "GET /blog/wp-content/uploads/2017/02/WechatIMG94.jpeg HTTP/1.1" 304 0 "http://www.nnzhp.cn/blog/" "Mozilla/5.0 (Windows NT 6.1; WOW64) AppleWebKit/537.36 (KHTML, like Gecko) Chrome/57.0.2987.98 Safari/537.36" "-"
116.243.178.242 - - [04/Jun/2017:10:09:21 +0800] "GET /blog/wp-content/uploads/2017/04/4e5748a6d9ad162841138b978a5406c7.png HTTP/1.1" 304 0 "http://www.nnzhp.cn/blog/" "Mozilla/5.0 (Windows NT 6.1; WOW64) AppleWebKit/537.36 (KHTML, like Gecko) Chrome/57.0.2987.98 Safari/537.36" "-"
116.243.178.242 - - [04/Jun/2017:10:09:21 +0800] "GET /blog/wp-content/uploads/2017/03/0d0876dbd2524c09592543d4225167f4.png HTTP/1.1" 304 0 "http://www.nnzhp.cn/blog/" "Mozilla/5.0 (Windows NT 6.1; WOW64) AppleWebKit/537.36 (KHTML, like Gecko) Chrome/57.0.2987.98 Safari/537.36" "-"
116.243.178.242 - - [04/Jun/2017:10:09:25 +0800] "POST /blog/category/python/ HTTP/1.1" 200 26338 "http://www.nnzhp.cn/blog/" "Mozilla/5.0 (Windows NT 6.1; WOW64) AppleWebKit/537.36 (KHTML, like Gecko) Chrome/57.0.2987.98 Safari/537.36" "-"
116.243.178.242 - - [04/Jun/2017:10:09:25 +0800] "GET /blog/wp-content/uploads/2017/01/django_logo.jpeg HTTP/1.1" 304 0 "http://www.nnzhp.cn/blog/category/python/" "Mozilla/5.0 (Windows NT 6.1; WOW64) AppleWebKit/537.36 (KHTML, like Gecko) Chrome/57.0.2987.98 Safari/537.36" "-"
116.243.178.242 - - [04/Jun/2017:10:09:31 +0800] "POST /blog/category/python/page/2/ HTTP/1.1" 200 26768 "http://www.nnzhp.cn/blog/category/python/" "Mozilla/5.0 (Windows NT 6.1; WOW64) AppleWebKit/537.36 (KHTML, like Gecko) Chrome/57.0.2987.98 Safari/537.36" "-"
116.243.178.242 - - [04/Jun/2017:10:09:33 +0800] "POST /blog/2016/12/19/python%e5%ad%a6%e4%b9%a0%e7%ac%94%e8%ae%b0%e4%b8%89%e6%96%87%e4%bb%b6%e6%93%8d%e4%bd%9c%e5%92%8c%e9%9b%86%e5%90%88/ HTTP/1.1" 200 78001 "http://www.nnzhp.cn/blog/category/python/page/2/" "Mozilla/5.0 (Windows NT 6.1; WOW64) AppleWebKit/537.36 (KHTML, like Gecko) Chrome/57.0.2987.98 Safari/537.36" "-"
121.69.45.254 - - [04/Jun/2017:10:09:43 +0800] "POST /dsx/wp-admin/admin-ajax.php HTTP/1.1" 200 47 "http://www.imdsx.cn/dsx/wp-admin/post.php?post=723&action=edit" "Mozilla/5.0 (Windows NT 6.1; WOW64) AppleWebKit/537.36 (KHTML, like Gecko) Chrome/58.0.3029.110 Safari/537.36" "-"
116.243.178.242 - - [04/Jun/2017:10:09:54 +0800] "GET /blog/2016/12/19/python%E5%AD%A6%E4%B9%A0%E7%AC%94%E8%AE%B0%E4%B8%89%E6%96%87%E4%BB%B6%E6%93%8D%E4%BD%9C%E5%92%8C%E9%9B%86%E5%90%88/ HTTP/1.1" 200 93463 "-" "Mozilla/5.0 (Windows NT 6.1; WOW64) AppleWebKit/537.36 (KHTML, like Gecko) Chrome/57.0.2987.98 Safari/537.36" "-"
116.243.178.242 - - [04/Jun/2017:10:09:57 +0800] "POST /blog/category/python/ HTTP/1.1" 200 26338 "http://www.nnzhp.cn/blog/2016/12/19/python%E5%AD%A6%E4%B9%A0%E7%AC%94%E8%AE%B0%E4%B8%89%E6%96%87%E4%BB%B6%E6%93%8D%E4%BD%9C%E5%92%8C%E9%9B%86%E5%90%88/" "Mozilla/5.0 (Windows NT 6.1; WOW64) AppleWebKit/537.36 (KHTML, like Gecko) Chrome/57.0.2987.98 Safari/537.36" "-"
116.243.178.242 - - [04/Jun/2017:10:10:03 +0800] "POST /blog/category/python/page/2/ HTTP/1.1" 200 26768 "http://www.nnzhp.cn/blog/category/python/" "Mozilla/5.0 (Windows NT 6.1; WOW64) AppleWebKit/537.36 (KHTML, like Gecko) Chrome/57.0.2987.98 Safari/537.36" "-"
116.243.178.242 - - [04/Jun/2017:10:10:04 +0800] "GET /blog/wp-content/uploads/2016/12/20140126154707-1231041852.png HTTP/1.1" 200 20736 "http://www.nnzhp.cn/blog/category/python/page/2/" "Mozilla/5.0 (Windows NT 6.1; WOW64) AppleWebKit/537.36 (KHTML, like Gecko) Chrome/57.0.2987.98 Safari/537.36" "-"
116.243.178.242 - - [04/Jun/2017:10:10:04 +0800] "GET /blog/wp-content/uploads/2016/12/11573b0650006db.jpeg HTTP/1.1" 200 18807 "http://www.nnzhp.cn/blog/category/python/page/2/" "Mozilla/5.0 (Windows NT 6.1; WOW64) AppleWebKit/537.36 (KHTML, like Gecko) Chrome/57.0.2987.98 Safari/537.36" "-"
116.243.178.242 - - [04/Jun/2017:10:10:04 +0800] "GET /blog/wp-content/uploads/2016/12/1056cc442d802f9.jpeg HTTP/1.1" 200 12869 "http://www.nnzhp.cn/blog/category/python/page/2/" "Mozilla/5.0 (Windows NT 6.1; WOW64) AppleWebKit/537.36 (KHTML, like Gecko) Chrome/57.0.2987.98 Safari/537.36" "-"
116.243.178.242 - - [04/Jun/2017:10:10:04 +0800] "GET /blog/wp-content/uploads/2016/12/2756ccf62d88400.jpeg HTTP/1.1" 200 22933 "http://www.nnzhp.cn/blog/category/python/page/2/" "Mozilla/5.0 (Windows NT 6.1; WOW64) AppleWebKit/537.36 (KHTML, like Gecko) Chrome/57.0.2987.98 Safari/537.36" "-"
116.243.178.242 - - [04/Jun/2017:10:10:06 +0800] "POST /blog/2016/12/19/python%e5%ad%a6%e4%b9%a0%e7%ac%94%e8%ae%b0%e5%9b%9b%e5%87%bd%e6%95%b0/ HTTP/1.1" 200 53173 "http://www.nnzhp.cn/blog/category/python/page/2/" "Mozilla/5.0 (Windows NT 6.1; WOW64) AppleWebKit/537.36 (KHTML, like Gecko) Chrome/57.0.2987.98 Safari/537.36" "-"
116.243.178.242 - - [04/Jun/2017:10:10:12 +0800] "GET /niu/wp-content/themes/QQ/images/logo.jpg HTTP/1.1" 404 1031 "http://www.nnzhp.cn/blog/2016/12/19/python%e5%ad%a6%e4%b9%a0%e7%ac%94%e8%ae%b0%e4%b8%89%e6%96%87%e4%bb%b6%e6%93%8d%e4%bd%9c%e5%92%8c%e9%9b%86%e5%90%88/" "Mozilla/5.0 (Windows NT 6.1; WOW64) AppleWebKit/537.36 (KHTML, like Gecko) Chrome/57.0.2987.98 Safari/537.36" "-"
121.69.45.254 - - [04/Jun/2017:10:10:43 +0800] "POST /dsx/wp-admin/admin-ajax.php HTTP/1.1" 200 47 "http://www.imdsx.cn/dsx/wp-admin/post.php?post=723&action=edit" "Mozilla/5.0 (Windows NT 6.1; WOW64) AppleWebKit/537.36 (KHTML, like Gecko) Chrome/58.0.3029.110 Safari/537.36" "-"
66.249.69.95 - - [04/Jun/2017:10:11:49 +0800] "GET /bbs/forum.php?mod=misc&action=nav HTTP/1.1" 200 26540 "-" "Mozilla/5.0 (compatible; Googlebot/2.1; +http://www.google.com/bot.html)" "-"
121.69.45.254 - - [04/Jun/2017:10:12:43 +0800] "POST /dsx/wp-admin/admin-ajax.php HTTP/1.1" 200 47 "http://www.imdsx.cn/dsx/wp-admin/post.php?post=723&action=edit" "Mozilla/5.0 (Windows NT 6.1; WOW64) AppleWebKit/537.36 (KHTML, like Gecko) Chrome/58.0.3029.110 Safari/537.36" "-"
121.69.45.254 - - [04/Jun/2017:10:13:43 +0800] "POST /dsx/wp-admin/admin-ajax.php HTTP/1.1" 200 147 "http://www.imdsx.cn/dsx/wp-admin/post.php?post=723&action=edit" "Mozilla/5.0 (Windows NT 6.1; WOW64) AppleWebKit/537.36 (KHTML, like Gecko) Chrome/58.0.3029.110 Safari/537.36" "-"
121.69.45.254 - - [04/Jun/2017:10:14:43 +0800] "POST /dsx/wp-admin/admin-ajax.php HTTP/1.1" 200 47 "http://www.imdsx.cn/dsx/wp-admin/post.php?post=723&action=edit" "Mozilla/5.0 (Windows NT 6.1; WOW64) AppleWebKit/537.36 (KHTML, like Gecko) Chrome/58.0.3029.110 Safari/537.36" "-"
66.249.69.83 - - [04/Jun/2017:10:14:51 +0800] "GET /people/5/questions HTTP/1.1" 200 15308 "-" "Mozilla/5.0 (compatible; Googlebot/2.1; +http://www.google.com/bot.html)" "-"
66.249.69.65 - - [04/Jun/2017:10:15:36 +0800] "GET /bbs/forum.php?mod=guide&view=hot&rss=1 HTTP/1.1" 200 653 "-" "Mozilla/5.0 (compatible; Googlebot/2.1; +http://www.google.com/bot.html)" "-"
121.69.45.254 - - [04/Jun/2017:10:15:43 +0800] "POST /dsx/wp-admin/admin-ajax.php HTTP/1.1" 200 147 "http://www.imdsx.cn/dsx/wp-admin/post.php?post=723&action=edit" "Mozilla/5.0 (Windows NT 6.1; WOW64) AppleWebKit/537.36 (KHTML, like Gecko) Chrome/58.0.3029.110 Safari/537.36" "-"
183.14.30.16 - - [04/Jun/2017:10:16:01 +0800] "GET /niu/ HTTP/1.1" 302 161 "-" "Mozilla/5.0 (iPhone; CPU iPhone OS 10_2_1 like Mac OS X) AppleWebKit/602.4.6 (KHTML, like Gecko) Version/10.0 Mobile/14D27 Safari/602.1" "-"
183.14.30.16 - - [04/Jun/2017:10:16:01 +0800] "GET /blog HTTP/1.1" 301 233 "-" "Mozilla/5.0 (iPhone; CPU iPhone OS 10_2_1 like Mac OS X) AppleWebKit/602.4.6 (KHTML, like Gecko) Version/10.0 Mobile/14D27 Safari/602.1" "-"
183.14.30.16 - - [04/Jun/2017:10:16:01 +0800] "GET /blog/ HTTP/1.1" 200 38330 "-" "Mozilla/5.0 (iPhone; CPU iPhone OS 10_2_1 like Mac OS X) AppleWebKit/602.4.6 (KHTML, like Gecko) Version/10.0 Mobile/14D27 Safari/602.1" "-"
183.14.30.16 - - [04/Jun/2017:10:16:02 +0800] "GET /apple-touch-icon-120x120-precomposed.png HTTP/1.1" 302 161 "-" "MobileSafari/602.1 CFNetwork/808.3 Darwin/16.3.0" "-"
183.14.30.16 - - [04/Jun/2017:10:16:02 +0800] "GET /blog/ HTTP/1.1" 200 38330 "-" "MobileSafari/602.1 CFNetwork/808.3 Darwin/16.3.0" "-"
183.14.30.16 - - [04/Jun/2017:10:16:02 +0800] "GET /apple-touch-icon-120x120.png HTTP/1.1" 302 161 "-" "MobileSafari/602.1 CFNetwork/808.3 Darwin/16.3.0" "-"
183.14.30.16 - - [04/Jun/2017:10:16:03 +0800] "GET /blog/ HTTP/1.1" 200 38330 "-" "MobileSafari/602.1 CFNetwork/808.3 Darwin/16.3.0" "-"
183.14.30.16 - - [04/Jun/2017:10:16:03 +0800] "GET /apple-touch-icon-precomposed.png HTTP/1.1" 302 161 "-" "MobileSafari/602.1 CFNetwork/808.3 Darwin/16.3.0" "-"
183.14.30.16 - - [04/Jun/2017:10:16:04 +0800] "GET /blog/ HTTP/1.1" 200 38330 "-" "MobileSafari/602.1 CFNetwork/808.3 Darwin/16.3.0" "-"
183.14.30.16 - - [04/Jun/2017:10:16:04 +0800] "GET /apple-touch-icon.png HTTP/1.1" 302 161 "-" "MobileSafari/602.1 CFNetwork/808.3 Darwin/16.3.0" "-"
183.14.30.16 - - [04/Jun/2017:10:16:05 +0800] "GET /blog/ HTTP/1.1" 200 38330 "-" "MobileSafari/602.1 CFNetwork/808.3 Darwin/16.3.0" "-"
183.14.30.16 - - [04/Jun/2017:10:16:23 +0800] "GET /niu/wp-content/themes/QQ/images/logo.jpg HTTP/1.1" 404 1031 "-" "MobileSafari/602.1 CFNetwork/808.3 Darwin/16.3.0" "-"
183.14.30.16 - - [04/Jun/2017:10:16:24 +0800] "GET /favicon.ico HTTP/1.1" 302 161 "-" "MobileSafari/602.1 CFNetwork/808.3 Darwin/16.3.0" "-"
183.14.30.16 - - [04/Jun/2017:10:16:25 +0800] "GET /blog/ HTTP/1.1" 200 38330 "-" "MobileSafari/602.1 CFNetwork/808.3 Darwin/16.3.0" "-"
183.14.30.16 - - [04/Jun/2017:10:16:25 +0800] "GET /apple-touch-icon-120x120-precomposed.png HTTP/1.1" 302 161 "-" "MobileSafari/602.1 CFNetwork/808.3 Darwin/16.3.0" "-"
183.14.30.16 - - [04/Jun/2017:10:16:26 +0800] "GET /blog/ HTTP/1.1" 200 38330 "-" "MobileSafari/602.1 CFNetwork/808.3 Darwin/16.3.0" "-"
183.14.30.16 - - [04/Jun/2017:10:16:26 +0800] "GET /apple-touch-icon-120x120.png HTTP/1.1" 302 161 "-" "MobileSafari/602.1 CFNetwork/808.3 Darwin/16.3.0" "-"
183.14.30.16 - - [04/Jun/2017:10:16:27 +0800] "GET /blog/ HTTP/1.1" 200 38330 "-" "MobileSafari/602.1 CFNetwork/808.3 Darwin/16.3.0" "-"
183.14.30.16 - - [04/Jun/2017:10:16:27 +0800] "GET /apple-touch-icon-precomposed.png HTTP/1.1" 302 161 "-" "MobileSafari/602.1 CFNetwork/808.3 Darwin/16.3.0" "-"
183.14.30.16 - - [04/Jun/2017:10:16:28 +0800] "GET /blog/ HTTP/1.1" 200 38330 "-" "MobileSafari/602.1 CFNetwork/808.3 Darwin/16.3.0" "-"
183.14.30.16 - - [04/Jun/2017:10:16:28 +0800] "GET /apple-touch-icon.png HTTP/1.1" 302 161 "-" "MobileSafari/602.1 CFNetwork/808.3 Darwin/16.3.0" "-"
183.14.30.16 - - [04/Jun/2017:10:16:29 +0800] "GET /blog/ HTTP/1.1" 200 38330 "-" "MobileSafari/602.1 CFNetwork/808.3 Darwin/16.3.0" "-"
183.14.30.16 - - [04/Jun/2017:10:16:42 +0800] "GET /niu/wp-content/themes/QQ/images/logo.jpg HTTP/1.1" 404 1031 "-" "MobileSafari/602.1 CFNetwork/808.3 Darwin/16.3.0" "-"
183.14.30.16 - - [04/Jun/2017:10:16:42 +0800] "GET /favicon.ico HTTP/1.1" 302 161 "-" "MobileSafari/602.1 CFNetwork/808.3 Darwin/16.3.0" "-"
121.69.45.254 - - [04/Jun/2017:10:16:43 +0800] "POST /dsx/wp-admin/admin-ajax.php HTTP/1.1" 200 47 "http://www.imdsx.cn/dsx/wp-admin/post.php?post=723&action=edit" "Mozilla/5.0 (Windows NT 6.1; WOW64) AppleWebKit/537.36 (KHTML, like Gecko) Chrome/58.0.3029.110 Safari/537.36" "-"
183.14.30.16 - - [04/Jun/2017:10:16:43 +0800] "GET /blog/ HTTP/1.1" 200 38330 "-" "MobileSafari/602.1 CFNetwork/808.3 Darwin/16.3.0" "-"
116.226.242.19 - - [04/Jun/2017:10:17:04 +0800] "GET / HTTP/1.1" 302 161 "https://www.baidu.com/link?url=HLHtg02dsnXXzZvszblhKR4kBfBrXEKUi0DDdzWfW4e&wd=&eqid=b364b44a000f288e0000000459336b52" "Mozilla/5.0 (Windows NT 6.1) AppleWebKit/537.36 (KHTML, like Gecko) Chrome/58.0.3029.110 Safari/537.36" "-"
116.226.242.19 - - [04/Jun/2017:10:17:05 +0800] "GET /blog/ HTTP/1.1" 200 38330 "https://www.baidu.com/link?url=HLHtg02dsnXXzZvszblhKR4kBfBrXEKUi0DDdzWfW4e&wd=&eqid=b364b44a000f288e0000000459336b52" "Mozilla/5.0 (Windows NT 6.1) AppleWebKit/537.36 (KHTML, like Gecko) Chrome/58.0.3029.110 Safari/537.36" "-"
116.226.242.19 - - [04/Jun/2017:10:17:05 +0800] "GET /blog/wp-content/themes/QQ/style.css?ver=4.1 HTTP/1.1" 304 0 "http://www.nnzhp.cn/blog/" "Mozilla/5.0 (Windows NT 6.1) AppleWebKit/537.36 (KHTML, like Gecko) Chrome/58.0.3029.110 Safari/537.36" "-"
116.226.242.19 - - [04/Jun/2017:10:17:06 +0800] "GET /blog/wp-content/uploads/2017/05/20170508153928_63115.png HTTP/1.1" 304 0 "http://www.nnzhp.cn/blog/" "Mozilla/5.0 (Windows NT 6.1) AppleWebKit/537.36 (KHTML, like Gecko) Chrome/58.0.3029.110 Safari/537.36" "-"
116.226.242.19 - - [04/Jun/2017:10:17:06 +0800] "GET /blog/wp-content/uploads/2017/02/succ1.jpg HTTP/1.1" 304 0 "http://www.nnzhp.cn/blog/" "Mozilla/5.0 (Windows NT 6.1) AppleWebKit/537.36 (KHTML, like Gecko) Chrome/58.0.3029.110 Safari/537.36" "-"
116.226.242.19 - - [04/Jun/2017:10:17:06 +0800] "GET /blog/wp-content/uploads/2017/02/WechatIMG94.jpeg HTTP/1.1" 304 0 "http://www.nnzhp.cn/blog/" "Mozilla/5.0 (Windows NT 6.1) AppleWebKit/537.36 (KHTML, like Gecko) Chrome/58.0.3029.110 Safari/537.36" "-"
116.226.242.19 - - [04/Jun/2017:10:17:06 +0800] "GET /blog/wp-content/uploads/2017/04/4e5748a6d9ad162841138b978a5406c7.png HTTP/1.1" 304 0 "http://www.nnzhp.cn/blog/" "Mozilla/5.0 (Windows NT 6.1) AppleWebKit/537.36 (KHTML, like Gecko) Chrome/58.0.3029.110 Safari/537.36" "-"
116.226.242.19 - - [04/Jun/2017:10:17:06 +0800] "GET /blog/wp-content/uploads/2017/03/0d0876dbd2524c09592543d4225167f4.png HTTP/1.1" 304 0 "http://www.nnzhp.cn/blog/" "Mozilla/5.0 (Windows NT 6.1) AppleWebKit/537.36 (KHTML, like Gecko) Chrome/58.0.3029.110 Safari/537.36" "-"
116.226.242.19 - - [04/Jun/2017:10:17:31 +0800] "POST /blog/page/2/ HTTP/1.1" 200 25120 "http://www.nnzhp.cn/blog/" "Mozilla/5.0 (Windows NT 6.1) AppleWebKit/537.36 (KHTML, like Gecko) Chrome/58.0.3029.110 Safari/537.36" "-"
116.226.242.19 - - [04/Jun/2017:10:17:31 +0800] "GET /blog/wp-content/uploads/2017/01/django_logo.jpeg HTTP/1.1" 304 0 "http://www.nnzhp.cn/blog/page/2/" "Mozilla/5.0 (Windows NT 6.1) AppleWebKit/537.36 (KHTML, like Gecko) Chrome/58.0.3029.110 Safari/537.36" "-"
116.226.242.19 - - [04/Jun/2017:10:17:31 +0800] "GET /blog/wp-content/uploads/2017/01/jmeter_logo.jpg HTTP/1.1" 200 11472 "http://www.nnzhp.cn/blog/page/2/" "Mozilla/5.0 (Windows NT 6.1) AppleWebKit/537.36 (KHTML, like Gecko) Chrome/58.0.3029.110 Safari/537.36" "-"
116.226.242.19 - - [04/Jun/2017:10:17:31 +0800] "GET /blog/wp-content/uploads/2016/12/tools.jpg HTTP/1.1" 200 103065 "http://www.nnzhp.cn/blog/page/2/" "Mozilla/5.0 (Windows NT 6.1) AppleWebKit/537.36 (KHTML, like Gecko) Chrome/58.0.3029.110 Safari/537.36" "-"
116.226.242.19 - - [04/Jun/2017:10:17:32 +0800] "GET /blog/wp-content/uploads/2017/01/QQ20170103-0@2x.png HTTP/1.1" 200 890706 "http://www.nnzhp.cn/blog/page/2/" "Mozilla/5.0 (Windows NT 6.1) AppleWebKit/537.36 (KHTML, like Gecko) Chrome/58.0.3029.110 Safari/537.36" "-"
116.226.242.19 - - [04/Jun/2017:10:17:36 +0800] "GET /blog/wp-content/uploads/2016/12/1557092c1a17269.jpeg HTTP/1.1" 200 16058 "http://www.nnzhp.cn/blog/page/2/" "Mozilla/5.0 (Windows NT 6.1) AppleWebKit/537.36 (KHTML, like Gecko) Chrome/58.0.3029.110 Safari/537.36" "-"
116.226.242.19 - - [04/Jun/2017:10:17:37 +0800] "GET /blog/wp-content/uploads/2016/12/5556ec9331a3ef7.jpeg HTTP/1.1" 200 12494 "http://www.nnzhp.cn/blog/page/2/" "Mozilla/5.0 (Windows NT 6.1) AppleWebKit/537.36 (KHTML, like Gecko) Chrome/58.0.3029.110 Safari/537.36" "-"
116.226.242.19 - - [04/Jun/2017:10:17:38 +0800] "GET /niu/wp-content/themes/QQ/images/logo.jpg HTTP/1.1" 404 1031 "http://www.nnzhp.cn/blog/" "Mozilla/5.0 (Windows NT 6.1) AppleWebKit/537.36 (KHTML, like Gecko) Chrome/58.0.3029.110 Safari/537.36" "-"
121.69.45.254 - - [04/Jun/2017:10:17:43 +0800] "POST /dsx/wp-admin/admin-ajax.php HTTP/1.1" 200 147 "http://www.imdsx.cn/dsx/wp-admin/post.php?post=723&action=edit" "Mozilla/5.0 (Windows NT 6.1; WOW64) AppleWebKit/537.36 (KHTML, like Gecko) Chrome/58.0.3029.110 Safari/537.36" "-"
116.226.242.19 - - [04/Jun/2017:10:17:45 +0800] "POST /blog/page/3/ HTTP/1.1" 200 26398 "http://www.nnzhp.cn/blog/page/2/" "Mozilla/5.0 (Windows NT 6.1) AppleWebKit/537.36 (KHTML, like Gecko) Chrome/58.0.3029.110 Safari/537.36" "-"
116.226.242.19 - - [04/Jun/2017:10:17:45 +0800] "GET /blog/wp-content/uploads/2016/12/3856dd46777fae8.jpeg HTTP/1.1" 200 13793 "http://www.nnzhp.cn/blog/page/3/" "Mozilla/5.0 (Windows NT 6.1) AppleWebKit/537.36 (KHTML, like Gecko) Chrome/58.0.3029.110 Safari/537.36" "-"
116.226.242.19 - - [04/Jun/2017:10:17:45 +0800] "GET /blog/wp-content/uploads/2016/12/1056f342b7531da.jpeg HTTP/1.1" 200 20856 "http://www.nnzhp.cn/blog/page/3/" "Mozilla/5.0 (Windows NT 6.1) AppleWebKit/537.36 (KHTML, like Gecko) Chrome/58.0.3029.110 Safari/537.36" "-"
116.226.242.19 - - [04/Jun/2017:10:17:46 +0800] "GET /blog/wp-content/uploads/2016/12/images20150119122751061_info300X300.png HTTP/1.1" 200 80152 "http://www.nnzhp.cn/blog/page/3/" "Mozilla/5.0 (Windows NT 6.1) AppleWebKit/537.36 (KHTML, like Gecko) Chrome/58.0.3029.110 Safari/537.36" "-"
66.249.69.68 - - [04/Jun/2017:10:17:47 +0800] "GET /blog/2017/05/08/postman_install/ HTTP/1.1" 200 35155 "-" "Mozilla/5.0 (Linux; Android 6.0.1; Nexus 5X Build/MMB29P) AppleWebKit/537.36 (KHTML, like Gecko) Chrome/41.0.2272.96 Mobile Safari/537.36 (compatible; Googlebot/2.1; +http://www.google.com/bot.html)" "-"
116.226.242.19 - - [04/Jun/2017:10:17:48 +0800] "GET /blog/wp-content/uploads/2016/12/54791b3cd136a02d81962df1a5137c85.jpeg HTTP/1.1" 200 45965 "http://www.nnzhp.cn/blog/page/3/" "Mozilla/5.0 (Windows NT 6.1) AppleWebKit/537.36 (KHTML, like Gecko) Chrome/58.0.3029.110 Safari/537.36" "-"
116.226.242.19 - - [04/Jun/2017:10:17:48 +0800] "GET /blog/wp-content/uploads/2016/12/20140126154707-1231041852.png HTTP/1.1" 200 20736 "http://www.nnzhp.cn/blog/page/3/" "Mozilla/5.0 (Windows NT 6.1) AppleWebKit/537.36 (KHTML, like Gecko) Chrome/58.0.3029.110 Safari/537.36" "-"
116.226.242.19 - - [04/Jun/2017:10:17:51 +0800] "POST /blog/2016/12/19/python%e5%ad%a6%e4%b9%a0%e7%ac%94%e8%ae%b0%e5%9b%9b%e5%87%bd%e6%95%b0/ HTTP/1.1" 200 53173 "http://www.nnzhp.cn/blog/page/3/" "Mozilla/5.0 (Windows NT 6.1) AppleWebKit/537.36 (KHTML, like Gecko) Chrome/58.0.3029.110 Safari/537.36" "-"
116.226.242.19 - - [04/Jun/2017:10:18:06 +0800] "GET /niu/wp-content/themes/QQ/images/logo.jpg HTTP/1.1" 404 1031 "http://www.nnzhp.cn/blog/page/2/" "Mozilla/5.0 (Windows NT 6.1) AppleWebKit/537.36 (KHTML, like Gecko) Chrome/58.0.3029.110 Safari/537.36" "-"
121.69.45.254 - - [04/Jun/2017:10:18:44 +0800] "POST /dsx/wp-admin/admin-ajax.php HTTP/1.1" 200 147 "http://www.imdsx.cn/dsx/wp-admin/post.php?post=723&action=edit" "Mozilla/5.0 (Windows NT 6.1; WOW64) AppleWebKit/537.36 (KHTML, like Gecko) Chrome/58.0.3029.110 Safari/537.36" "-"
66.249.69.65 - - [04/Jun/2017:10:19:23 +0800] "GET /bbs/forum.php?mod=guide&view=digest&rss=1 HTTP/1.1" 200 656 "-" "Mozilla/5.0 (compatible; Googlebot/2.1; +http://www.google.com/bot.html)" "-"
121.69.45.254 - - [04/Jun/2017:10:19:44 +0800] "POST /dsx/wp-admin/admin-ajax.php HTTP/1.1" 200 47 "http://www.imdsx.cn/dsx/wp-admin/post.php?post=723&action=edit" "Mozilla/5.0 (Windows NT 6.1; WOW64) AppleWebKit/537.36 (KHTML, like Gecko) Chrome/58.0.3029.110 Safari/537.36" "-"
121.69.45.254 - - [04/Jun/2017:10:20:05 +0800] "GET /favicon.ico HTTP/1.1" 302 161 "-" "Mozilla/4.0 (compatible; MSIE 7.0; Windows NT 5.1; Trident/4.0; .NET CLR 2.0.50727; 360space)" "-"
121.69.45.254 - - [04/Jun/2017:10:20:45 +0800] "POST /dsx/wp-admin/admin-ajax.php HTTP/1.1" 200 47 "http://www.imdsx.cn/dsx/wp-admin/post.php?post=723&action=edit" "Mozilla/5.0 (Windows NT 6.1; WOW64) AppleWebKit/537.36 (KHTML, like Gecko) Chrome/58.0.3029.110 Safari/537.36" "-"
121.69.45.254 - - [04/Jun/2017:10:21:45 +0800] "POST /dsx/wp-admin/admin-ajax.php HTTP/1.1" 200 147 "http://www.imdsx.cn/dsx/wp-admin/post.php?post=723&action=edit" "Mozilla/5.0 (Windows NT 6.1; WOW64) AppleWebKit/537.36 (KHTML, like Gecko) Chrome/58.0.3029.110 Safari/537.36" "-"
121.69.45.254 - - [04/Jun/2017:10:22:45 +0800] "POST /dsx/wp-admin/admin-ajax.php HTTP/1.1" 200 47 "http://www.imdsx.cn/dsx/wp-admin/post.php?post=723&action=edit" "Mozilla/5.0 (Windows NT 6.1; WOW64) AppleWebKit/537.36 (KHTML, like Gecko) Chrome/58.0.3029.110 Safari/537.36" "-"
66.249.75.29 - - [04/Jun/2017:10:23:10 +0800] "GET /bbs/forum.php?mod=viewthread&tid=436&extra=page%3D1 HTTP/1.1" 200 21549 "-" "Mozilla/5.0 (compatible; Googlebot/2.1; +http://www.google.com/bot.html)" "-"
58.23.250.21 - - [04/Jun/2017:10:23:19 +0800] "GET / HTTP/1.1" 302 161 "-" "Mozilla/5.0 (iPhone; CPU iPhone OS 10_2 like Mac OS X) AppleWebKit/602.3.12 (KHTML, like Gecko) Version/10.0 Mobile/14C92 Safari/602.1" "-"
58.23.250.21 - - [04/Jun/2017:10:23:19 +0800] "GET /blog HTTP/1.1" 301 233 "-" "Mozilla/5.0 (iPhone; CPU iPhone OS 10_2 like Mac OS X) AppleWebKit/602.3.12 (KHTML, like Gecko) Version/10.0 Mobile/14C92 Safari/602.1" "-"
58.23.250.21 - - [04/Jun/2017:10:23:20 +0800] "GET /blog/ HTTP/1.1" 200 38330 "-" "Mozilla/5.0 (iPhone; CPU iPhone OS 10_2 like Mac OS X) AppleWebKit/602.3.12 (KHTML, like Gecko) Version/10.0 Mobile/14C92 Safari/602.1" "-"
58.23.250.21 - - [04/Jun/2017:10:23:21 +0800] "GET /blog/wp-content/plugins/crayon-syntax-highlighter/fonts/ubuntu-mono.css?ver=_2.7.2_beta HTTP/1.1" 200 601 "http://www.nnzhp.cn/blog/" "Mozilla/5.0 (iPhone; CPU iPhone OS 10_2 like Mac OS X) AppleWebKit/602.3.12 (KHTML, like Gecko) Version/10.0 Mobile/14C92 Safari/602.1" "-"
58.23.250.21 - - [04/Jun/2017:10:23:21 +0800] "GET /blog/wp-content/plugins/crayon-syntax-highlighter/themes/sublime-text/sublime-text.css?ver=_2.7.2_beta HTTP/1.1" 200 4688 "http://www.nnzhp.cn/blog/" "Mozilla/5.0 (iPhone; CPU iPhone OS 10_2 like Mac OS X) AppleWebKit/602.3.12 (KHTML, like Gecko) Version/10.0 Mobile/14C92 Safari/602.1" "-"
58.23.250.21 - - [04/Jun/2017:10:23:21 +0800] "GET /blog/wp-content/plugins/code-highlight/css/style.css?ver=4.7.5 HTTP/1.1" 200 1611 "http://www.nnzhp.cn/blog/" "Mozilla/5.0 (iPhone; CPU iPhone OS 10_2 like Mac OS X) AppleWebKit/602.3.12 (KHTML, like Gecko) Version/10.0 Mobile/14C92 Safari/602.1" "-"
58.23.250.21 - - [04/Jun/2017:10:23:21 +0800] "GET /blog/wp-content/plugins/crayon-syntax-highlighter/css/min/crayon.min.css?ver=_2.7.2_beta HTTP/1.1" 200 20172 "http://www.nnzhp.cn/blog/" "Mozilla/5.0 (iPhone; CPU iPhone OS 10_2 like Mac OS X) AppleWebKit/602.3.12 (KHTML, like Gecko) Version/10.0 Mobile/14C92 Safari/602.1" "-"
58.23.250.21 - - [04/Jun/2017:10:23:21 +0800] "GET /blog/wp-content/themes/QQ/css/b.css?ver=3.3.0 HTTP/1.1" 200 137213 "http://www.nnzhp.cn/blog/" "Mozilla/5.0 (iPhone; CPU iPhone OS 10_2 like Mac OS X) AppleWebKit/602.3.12 (KHTML, like Gecko) Version/10.0 Mobile/14C92 Safari/602.1" "-"
58.23.250.21 - - [04/Jun/2017:10:23:21 +0800] "GET /blog/wp-content/themes/QQ/style.css?ver=4.1 HTTP/1.1" 200 82393 "http://www.nnzhp.cn/blog/" "Mozilla/5.0 (iPhone; CPU iPhone OS 10_2 like Mac OS X) AppleWebKit/602.3.12 (KHTML, like Gecko) Version/10.0 Mobile/14C92 Safari/602.1" "-"
58.23.250.21 - - [04/Jun/2017:10:23:21 +0800] "GET /blog/wp-content/plugins/code-highlight/js/run_prettify.js?ver=4.7.5 HTTP/1.1" 200 16716 "http://www.nnzhp.cn/blog/" "Mozilla/5.0 (iPhone; CPU iPhone OS 10_2 like Mac OS X) AppleWebKit/602.3.12 (KHTML, like Gecko) Version/10.0 Mobile/14C92 Safari/602.1" "-"
58.23.250.21 - - [04/Jun/2017:10:23:21 +0800] "GET /blog/wp-content/themes/QQ/js/jquery.min.js?ver=2.0.0 HTTP/1.1" 200 83100 "http://www.nnzhp.cn/blog/" "Mozilla/5.0 (iPhone; CPU iPhone OS 10_2 like Mac OS X) AppleWebKit/602.3.12 (KHTML, like Gecko) Version/10.0 Mobile/14C92 Safari/602.1" "-"
58.23.250.21 - - [04/Jun/2017:10:23:21 +0800] "GET /blog/wp-content/themes/QQ/css/animate.css HTTP/1.1" 200 68564 "http://www.nnzhp.cn/blog/" "Mozilla/5.0 (iPhone; CPU iPhone OS 10_2 like Mac OS X) AppleWebKit/602.3.12 (KHTML, like Gecko) Version/10.0 Mobile/14C92 Safari/602.1" "-"
58.23.250.21 - - [04/Jun/2017:10:23:21 +0800] "GET /blog/wp-content/themes/QQ/js/lazyload.min.js?ver=1.9.0 HTTP/1.1" 200 4073 "http://www.nnzhp.cn/blog/" "Mozilla/5.0 (iPhone; CPU iPhone OS 10_2 like Mac OS X) AppleWebKit/602.3.12 (KHTML, like Gecko) Version/10.0 Mobile/14C92 Safari/602.1" "-"
58.23.250.21 - - [04/Jun/2017:10:23:21 +0800] "GET /blog/wp-content/themes/QQ/css/font-awesome.css HTTP/1.1" 200 34779 "http://www.nnzhp.cn/blog/" "Mozilla/5.0 (iPhone; CPU iPhone OS 10_2 like Mac OS X) AppleWebKit/602.3.12 (KHTML, like Gecko) Version/10.0 Mobile/14C92 Safari/602.1" "-"
58.23.250.21 - - [04/Jun/2017:10:23:21 +0800] "GET /blog/wp-content/themes/QQ/radio/inc/player.css HTTP/1.1" 200 19216 "http://www.nnzhp.cn/blog/" "Mozilla/5.0 (iPhone; CPU iPhone OS 10_2 like Mac OS X) AppleWebKit/602.3.12 (KHTML, like Gecko) Version/10.0 Mobile/14C92 Safari/602.1" "-"
58.23.250.21 - - [04/Jun/2017:10:23:21 +0800] "GET /blog/wp-content/themes/QQ/js/main.js?ver=1.0 HTTP/1.1" 200 5769 "http://www.nnzhp.cn/blog/" "Mozilla/5.0 (iPhone; CPU iPhone OS 10_2 like Mac OS X) AppleWebKit/602.3.12 (KHTML, like Gecko) Version/10.0 Mobile/14C92 Safari/602.1" "-"
58.23.250.21 - - [04/Jun/2017:10:23:21 +0800] "GET /blog/wp-content/themes/QQ/js/mousewheel.js?ver=1.0.0 HTTP/1.1" 200 2389 "http://www.nnzhp.cn/blog/" "Mozilla/5.0 (iPhone; CPU iPhone OS 10_2 like Mac OS X) AppleWebKit/602.3.12 (KHTML, like Gecko) Version/10.0 Mobile/14C92 Safari/602.1" "-"
58.23.250.21 - - [04/Jun/2017:10:23:21 +0800] "GET /blog/wp-content/themes/QQ/js/scrollbar.js?ver=1.0.0 HTTP/1.1" 200 14886 "http://www.nnzhp.cn/blog/" "Mozilla/5.0 (iPhone; CPU iPhone OS 10_2 like Mac OS X) AppleWebKit/602.3.12 (KHTML, like Gecko) Version/10.0 Mobile/14C92 Safari/602.1" "-"
58.23.250.21 - - [04/Jun/2017:10:23:21 +0800] "GET /blog/wp-content/themes/QQ/js/player.js?ver=1.0.0 HTTP/1.1" 200 27024 "http://www.nnzhp.cn/blog/" "Mozilla/5.0 (iPhone; CPU iPhone OS 10_2 like Mac OS X) AppleWebKit/602.3.12 (KHTML, like Gecko) Version/10.0 Mobile/14C92 Safari/602.1" "-"
58.23.250.21 - - [04/Jun/2017:10:23:21 +0800] "GET /blog/wp-content/themes/QQ/js/bootstrap.min.js?ver=3.3.0 HTTP/1.1" 200 229133 "http://www.nnzhp.cn/blog/" "Mozilla/5.0 (iPhone; CPU iPhone OS 10_2 like Mac OS X) AppleWebKit/602.3.12 (KHTML, like Gecko) Version/10.0 Mobile/14C92 Safari/602.1" "-"
58.23.250.21 - - [04/Jun/2017:10:23:21 +0800] "GET /blog/wp-content/themes/QQ/js/index.js?ver=1.0.0 HTTP/1.1" 200 10943 "http://www.nnzhp.cn/blog/" "Mozilla/5.0 (iPhone; CPU iPhone OS 10_2 like Mac OS X) AppleWebKit/602.3.12 (KHTML, like Gecko) Version/10.0 Mobile/14C92 Safari/602.1" "-"
58.23.250.21 - - [04/Jun/2017:10:23:21 +0800] "GET /blog/wp-content/themes/QQ/js/ajax-comment.js?ver=1.0.0 HTTP/1.1" 200 5258 "http://www.nnzhp.cn/blog/" "Mozilla/5.0 (iPhone; CPU iPhone OS 10_2 like Mac OS X) AppleWebKit/602.3.12 (KHTML, like Gecko) Version/10.0 Mobile/14C92 Safari/602.1" "-"
58.23.250.21 - - [04/Jun/2017:10:23:21 +0800] "GET /blog/wp-includes/js/wp-embed.min.js?ver=4.7.5 HTTP/1.1" 200 1398 "http://www.nnzhp.cn/blog/" "Mozilla/5.0 (iPhone; CPU iPhone OS 10_2 like Mac OS X) AppleWebKit/602.3.12 (KHTML, like Gecko) Version/10.0 Mobile/14C92 Safari/602.1" "-"
58.23.250.21 - - [04/Jun/2017:10:23:21 +0800] "GET /blog/wp-content/themes/QQ/images/logo.jpg HTTP/1.1" 200 19424 "http://www.nnzhp.cn/blog/" "Mozilla/5.0 (iPhone; CPU iPhone OS 10_2 like Mac OS X) AppleWebKit/602.3.12 (KHTML, like Gecko) Version/10.0 Mobile/14C92 Safari/602.1" "-"
58.23.250.21 - - [04/Jun/2017:10:23:21 +0800] "GET /blog/wp-content/uploads/2016/12/2016aj5kn45fjk5-150x150.jpg HTTP/1.1" 200 5186 "http://www.nnzhp.cn/blog/" "Mozilla/5.0 (iPhone; CPU iPhone OS 10_2 like Mac OS X) AppleWebKit/602.3.12 (KHTML, like Gecko) Version/10.0 Mobile/14C92 Safari/602.1" "-"
58.23.250.21 - - [04/Jun/2017:10:23:21 +0800] "GET /blog/wp-content/themes/QQ/images/thumbnail.png HTTP/1.1" 200 52141 "http://www.nnzhp.cn/blog/" "Mozilla/5.0 (iPhone; CPU iPhone OS 10_2 like Mac OS X) AppleWebKit/602.3.12 (KHTML, like Gecko) Version/10.0 Mobile/14C92 Safari/602.1" "-"
58.23.250.21 - - [04/Jun/2017:10:23:21 +0800] "GET /blog/wp-content/uploads/2017/02/succ1.jpg HTTP/1.1" 200 114467 "http://www.nnzhp.cn/blog/" "Mozilla/5.0 (iPhone; CPU iPhone OS 10_2 like Mac OS X) AppleWebKit/602.3.12 (KHTML, like Gecko) Version/10.0 Mobile/14C92 Safari/602.1" "-"
58.23.250.21 - - [04/Jun/2017:10:23:21 +0800] "GET /blog/wp-content/uploads/2017/04/4e5748a6d9ad162841138b978a5406c7.png HTTP/1.1" 200 18669 "http://www.nnzhp.cn/blog/" "Mozilla/5.0 (iPhone; CPU iPhone OS 10_2 like Mac OS X) AppleWebKit/602.3.12 (KHTML, like Gecko) Version/10.0 Mobile/14C92 Safari/602.1" "-"
58.23.250.21 - - [04/Jun/2017:10:23:21 +0800] "GET /blog/wp-content/uploads/2017/05/20170508153928_63115.png HTTP/1.1" 200 139744 "http://www.nnzhp.cn/blog/" "Mozilla/5.0 (iPhone; CPU iPhone OS 10_2 like Mac OS X) AppleWebKit/602.3.12 (KHTML, like Gecko) Version/10.0 Mobile/14C92 Safari/602.1" "-"
58.23.250.21 - - [04/Jun/2017:10:23:21 +0800] "GET /blog/wp-content/uploads/2017/03/0d0876dbd2524c09592543d4225167f4.png HTTP/1.1" 200 5205 "http://www.nnzhp.cn/blog/" "Mozilla/5.0 (iPhone; CPU iPhone OS 10_2 like Mac OS X) AppleWebKit/602.3.12 (KHTML, like Gecko) Version/10.0 Mobile/14C92 Safari/602.1" "-"
58.23.250.21 - - [04/Jun/2017:10:23:21 +0800] "GET /blog/wp-content/uploads/2016/12/1457dce11868e4f.jpeg HTTP/1.1" 200 113626 "http://www.nnzhp.cn/blog/" "Mozilla/5.0 (iPhone; CPU iPhone OS 10_2 like Mac OS X) AppleWebKit/602.3.12 (KHTML, like Gecko) Version/10.0 Mobile/14C92 Safari/602.1" "-"
58.23.250.21 - - [04/Jun/2017:10:23:22 +0800] "GET /blog/wp-content/uploads/2017/02/WechatIMG94.jpeg HTTP/1.1" 200 748346 "http://www.nnzhp.cn/blog/" "Mozilla/5.0 (iPhone; CPU iPhone OS 10_2 like Mac OS X) AppleWebKit/602.3.12 (KHTML, like Gecko) Version/10.0 Mobile/14C92 Safari/602.1" "-"
121.69.45.254 - - [04/Jun/2017:10:23:45 +0800] "POST /dsx/wp-admin/admin-ajax.php HTTP/1.1" 200 47 "http://www.imdsx.cn/dsx/wp-admin/post.php?post=723&action=edit" "Mozilla/5.0 (Windows NT 6.1; WOW64) AppleWebKit/537.36 (KHTML, like Gecko) Chrome/58.0.3029.110 Safari/537.36" "-"
58.23.250.21 - - [04/Jun/2017:10:24:23 +0800] "GET /blog/wp-content/themes/QQ/images/avatar-default.png HTTP/1.1" 200 1325 "http://www.nnzhp.cn/blog/" "Mozilla/5.0 (iPhone; CPU iPhone OS 10_2 like Mac OS X) AppleWebKit/602.3.12 (KHTML, like Gecko) Version/10.0 Mobile/14C92 Safari/602.1" "-"
58.23.250.21 - - [04/Jun/2017:10:24:23 +0800] "GET /blog/wp-content/themes/QQ/fonts/fontawesome-webfont.woff2?v=4.6.1 HTTP/1.1" 200 70728 "http://www.nnzhp.cn/blog/" "Mozilla/5.0 (iPhone; CPU iPhone OS 10_2 like Mac OS X) AppleWebKit/602.3.12 (KHTML, like Gecko) Version/10.0 Mobile/14C92 Safari/602.1" "-"
58.23.250.21 - - [04/Jun/2017:10:24:24 +0800] "GET /blog/wp-content/themes/QQ/images/content-header.png HTTP/1.1" 200 4415 "http://www.nnzhp.cn/blog/" "Mozilla/5.0 (iPhone; CPU iPhone OS 10_2 like Mac OS X) AppleWebKit/602.3.12 (KHTML, like Gecko) Version/10.0 Mobile/14C92 Safari/602.1" "-"
121.69.45.254 - - [04/Jun/2017:10:24:45 +0800] "POST /dsx/wp-admin/admin-ajax.php HTTP/1.1" 200 147 "http://www.imdsx.cn/dsx/wp-admin/post.php?post=723&action=edit" "Mozilla/5.0 (Windows NT 6.1; WOW64) AppleWebKit/537.36 (KHTML, like Gecko) Chrome/58.0.3029.110 Safari/537.36" "-"
121.69.45.254 - - [04/Jun/2017:10:25:45 +0800] "POST /dsx/wp-admin/admin-ajax.php HTTP/1.1" 200 47 "http://www.imdsx.cn/dsx/wp-admin/post.php?post=723&action=edit" "Mozilla/5.0 (Windows NT 6.1; WOW64) AppleWebKit/537.36 (KHTML, like Gecko) Chrome/58.0.3029.110 Safari/537.36" "-"
121.69.45.254 - - [04/Jun/2017:10:26:45 +0800] "POST /dsx/wp-admin/admin-ajax.php HTTP/1.1" 200 147 "http://www.imdsx.cn/dsx/wp-admin/post.php?post=723&action=edit" "Mozilla/5.0 (Windows NT 6.1; WOW64) AppleWebKit/537.36 (KHTML, like Gecko) Chrome/58.0.3029.110 Safari/537.36" "-"
66.249.69.95 - - [04/Jun/2017:10:26:58 +0800] "GET /bbs/forum.php?mod=guide&view=sofa&rss=1 HTTP/1.1" 200 648 "-" "Mozilla/5.0 (compatible; Googlebot/2.1; +http://www.google.com/bot.html)" "-"
121.69.45.254 - - [04/Jun/2017:10:27:45 +0800] "POST /dsx/wp-admin/admin-ajax.php HTTP/1.1" 200 47 "http://www.imdsx.cn/dsx/wp-admin/post.php?post=723&action=edit" "Mozilla/5.0 (Windows NT 6.1; WOW64) AppleWebKit/537.36 (KHTML, like Gecko) Chrome/58.0.3029.110 Safari/537.36" "-"
121.69.45.254 - - [04/Jun/2017:10:28:45 +0800] "POST /dsx/wp-admin/admin-ajax.php HTTP/1.1" 200 147 "http://www.imdsx.cn/dsx/wp-admin/post.php?post=723&action=edit" "Mozilla/5.0 (Windows NT 6.1; WOW64) AppleWebKit/537.36 (KHTML, like Gecko) Chrome/58.0.3029.110 Safari/537.36" "-"
121.69.45.254 - - [04/Jun/2017:10:29:45 +0800] "POST /dsx/wp-admin/admin-ajax.php HTTP/1.1" 200 47 "http://www.imdsx.cn/dsx/wp-admin/post.php?post=723&action=edit" "Mozilla/5.0 (Windows NT 6.1; WOW64) AppleWebKit/537.36 (KHTML, like Gecko) Chrome/58.0.3029.110 Safari/537.36" "-"
66.249.69.65 - - [04/Jun/2017:10:30:45 +0800] "GET /bbs/forum.php?mod=guide&view=new&page=1 HTTP/1.1" 200 58386 "-" "Mozilla/5.0 (compatible; Googlebot/2.1; +http://www.google.com/bot.html)" "-"
121.69.45.254 - - [04/Jun/2017:10:30:45 +0800] "POST /dsx/wp-admin/admin-ajax.php HTTP/1.1" 200 147 "http://www.imdsx.cn/dsx/wp-admin/post.php?post=723&action=edit" "Mozilla/5.0 (Windows NT 6.1; WOW64) AppleWebKit/537.36 (KHTML, like Gecko) Chrome/58.0.3029.110 Safari/537.36" "-"
66.249.69.85 - - [04/Jun/2017:10:31:42 +0800] "GET /people/137/answers HTTP/1.1" 200 11563 "-" "Mozilla/5.0 (compatible; Googlebot/2.1; +http://www.google.com/bot.html)" "-"
121.69.45.254 - - [04/Jun/2017:10:31:45 +0800] "POST /dsx/wp-admin/admin-ajax.php HTTP/1.1" 200 47 "http://www.imdsx.cn/dsx/wp-admin/post.php?post=723&action=edit" "Mozilla/5.0 (Windows NT 6.1; WOW64) AppleWebKit/537.36 (KHTML, like Gecko) Chrome/58.0.3029.110 Safari/537.36" "-"
207.46.13.77 - - [04/Jun/2017:10:32:03 +0800] "GET /people/119/credits HTTP/1.1" 200 13453 "-" "Mozilla/5.0 (compatible; bingbot/2.0; +http://www.bing.com/bingbot.htm)" "-"
121.69.45.254 - - [04/Jun/2017:10:32:45 +0800] "POST /dsx/wp-admin/admin-ajax.php HTTP/1.1" 200 147 "http://www.imdsx.cn/dsx/wp-admin/post.php?post=723&action=edit" "Mozilla/5.0 (Windows NT 6.1; WOW64) AppleWebKit/537.36 (KHTML, like Gecko) Chrome/58.0.3029.110 Safari/537.36" "-"
106.39.140.161 - - [04/Jun/2017:10:33:05 +0800] "GET /blog/ HTTP/1.1" 200 38330 "-" "Mozilla/5.0 (Windows NT 6.1; WOW64; rv:53.0) Gecko/20100101 Firefox/53.0" "-"
106.39.140.161 - - [04/Jun/2017:10:33:14 +0800] "POST /blog/category/python/ HTTP/1.1" 200 26338 "http://www.nnzhp.cn/blog/" "Mozilla/5.0 (Windows NT 6.1; WOW64; rv:53.0) Gecko/20100101 Firefox/53.0" "-"
106.39.140.161 - - [04/Jun/2017:10:33:28 +0800] "POST /blog/category/python/ HTTP/1.1" 200 26338 "http://www.nnzhp.cn/blog/category/python/" "Mozilla/5.0 (Windows NT 6.1; WOW64; rv:53.0) Gecko/20100101 Firefox/53.0" "-"
106.39.140.161 - - [04/Jun/2017:10:33:35 +0800] "GET /favicon.ico HTTP/1.1" 302 161 "-" "Mozilla/5.0 (Windows NT 6.1; WOW64; rv:53.0) Gecko/20100101 Firefox/53.0" "-"
106.39.140.161 - - [04/Jun/2017:10:33:36 +0800] "GET /blog/ HTTP/1.1" 200 38330 "-" "Mozilla/5.0 (Windows NT 6.1; WOW64; rv:53.0) Gecko/20100101 Firefox/53.0" "-"
121.69.45.254 - - [04/Jun/2017:10:33:45 +0800] "POST /dsx/wp-admin/admin-ajax.php HTTP/1.1" 200 47 "http://www.imdsx.cn/dsx/wp-admin/post.php?post=723&action=edit" "Mozilla/5.0 (Windows NT 6.1; WOW64) AppleWebKit/537.36 (KHTML, like Gecko) Chrome/58.0.3029.110 Safari/537.36" "-"
106.39.140.161 - - [04/Jun/2017:10:33:50 +0800] "POST /blog/category/python/page/2/ HTTP/1.1" 200 26768 "http://www.nnzhp.cn/blog/category/python/" "Mozilla/5.0 (Windows NT 6.1; WOW64; rv:53.0) Gecko/20100101 Firefox/53.0" "-"
125.34.79.127 - - [04/Jun/2017:10:33:54 +0800] "POST /blog/page/4/ HTTP/1.1" 200 20332 "http://www.nnzhp.cn/blog/page/3/" "Mozilla/5.0 (Windows NT 6.1; WOW64) AppleWebKit/537.36 (KHTML, like Gecko) Chrome/51.0.2704.106 Safari/537.36" "-"
125.34.79.127 - - [04/Jun/2017:10:34:00 +0800] "POST /blog/page/3/ HTTP/1.1" 200 26398 "http://www.nnzhp.cn/blog/page/4/" "Mozilla/5.0 (Windows NT 6.1; WOW64) AppleWebKit/537.36 (KHTML, like Gecko) Chrome/51.0.2704.106 Safari/537.36" "-"
125.34.79.127 - - [04/Jun/2017:10:34:04 +0800] "POST /blog/2016/12/19/python%e5%ad%a6%e4%b9%a0%e7%ac%94%e8%ae%b0%e4%b8%89%e6%96%87%e4%bb%b6%e6%93%8d%e4%bd%9c%e5%92%8c%e9%9b%86%e5%90%88/ HTTP/1.1" 200 77986 "http://www.nnzhp.cn/blog/page/3/" "Mozilla/5.0 (Windows NT 6.1; WOW64) AppleWebKit/537.36 (KHTML, like Gecko) Chrome/51.0.2704.106 Safari/537.36" "-"
66.249.69.65 - - [04/Jun/2017:10:34:32 +0800] "GET /bbs/forum.php?mod=guide&view=newthread&page=8 HTTP/1.1" 200 59357 "-" "Mozilla/5.0 (compatible; Googlebot/2.1; +http://www.google.com/bot.html)" "-"
121.69.45.254 - - [04/Jun/2017:10:34:46 +0800] "POST /dsx/wp-admin/admin-ajax.php HTTP/1.1" 200 147 "http://www.imdsx.cn/dsx/wp-admin/post.php?post=723&action=edit" "Mozilla/5.0 (Windows NT 6.1; WOW64) AppleWebKit/537.36 (KHTML, like Gecko) Chrome/58.0.3029.110 Safari/537.36" "-"
121.69.45.254 - - [04/Jun/2017:10:35:46 +0800] "POST /dsx/wp-admin/admin-ajax.php HTTP/1.1" 200 47 "http://www.imdsx.cn/dsx/wp-admin/post.php?post=723&action=edit" "Mozilla/5.0 (Windows NT 6.1; WOW64) AppleWebKit/537.36 (KHTML, like Gecko) Chrome/58.0.3029.110 Safari/537.36" "-"
121.69.45.254 - - [04/Jun/2017:10:36:28 +0800] "POST /dsx/wp-admin/post.php HTTP/1.1" 302 0 "http://www.imdsx.cn/dsx/wp-admin/post.php?post=723&action=edit" "Mozilla/5.0 (Windows NT 6.1; WOW64) AppleWebKit/537.36 (KHTML, like Gecko) Chrome/58.0.3029.110 Safari/537.36" "-"
10.10.10.124 - - [04/Jun/2017:10:36:29 +0800] "POST /dsx/wp-cron.php?doing_wp_cron=1496543788.7288680076599121093750 HTTP/1.1" 200 0 "http://www.imdsx.cn/dsx/wp-cron.php?doing_wp_cron=1496543788.7288680076599121093750" "WordPress/4.7.5; http://www.imdsx.cn:80/dsx" "-"
121.69.45.254 - - [04/Jun/2017:10:36:30 +0800] "GET /dsx/wp-admin/post.php?post=723&action=edit&message=1 HTTP/1.1" 200 166220 "http://www.imdsx.cn/dsx/wp-admin/post.php?post=723&action=edit" "Mozilla/5.0 (Windows NT 6.1; WOW64) AppleWebKit/537.36 (KHTML, like Gecko) Chrome/58.0.3029.110 Safari/537.36" "-"
121.69.45.254 - - [04/Jun/2017:10:36:31 +0800] "GET /dsx/wp-admin/admin-ajax.php?action=oembed-cache&post=723 HTTP/1.1" 200 1 "http://www.imdsx.cn/dsx/wp-admin/post.php?post=723&action=edit" "Mozilla/5.0 (Windows NT 6.1; WOW64) AppleWebKit/537.36 (KHTML, like Gecko) Chrome/58.0.3029.110 Safari/537.36" "-"
121.69.45.254 - - [04/Jun/2017:10:37:31 +0800] "POST /dsx/wp-admin/admin-ajax.php HTTP/1.1" 200 147 "http://www.imdsx.cn/dsx/wp-admin/post.php?post=723&action=edit" "Mozilla/5.0 (Windows NT 6.1; WOW64) AppleWebKit/537.36 (KHTML, like Gecko) Chrome/58.0.3029.110 Safari/537.36" "-"
66.249.75.29 - - [04/Jun/2017:10:38:18 +0800] "GET /bbs/forum.php?mod=forumdisplay&fid=573&filter=hot HTTP/1.1" 200 17520 "-" "Mozilla/5.0 (compatible; Googlebot/2.1; +http://www.google.com/bot.html)" "-"
